#
# There is insufficient memory for the Java Runtime Environment to continue.
# Native memory allocation (malloc) failed to allocate 1048576 bytes. Error detail: AllocateHeap
# Possible reasons:
#   The system is out of physical RAM or swap space
#   This process is running with CompressedOops enabled, and the Java Heap may be blocking the growth of the native heap
# Possible solutions:
#   Reduce memory load on the system
#   Increase physical memory or swap space
#   Check if swap backing store is full
#   Decrease Java heap size (-Xmx/-Xms)
#   Decrease number of Java threads
#   Decrease Java thread stack sizes (-Xss)
#   Set larger code cache with -XX:ReservedCodeCacheSize=
#   JVM is running with Unscaled Compressed Oops mode in which the Java heap is
#     placed in the first 4GB address space. The Java Heap base address is the
#     maximum limit for the native heap growth. Please use -XX:HeapBaseMinAddress
#     to set the Java Heap base and to place the Java Heap above 4GB virtual address.
# This output file may be truncated or incomplete.
#
#  Out of Memory Error (allocation.cpp:44), pid=2772, tid=29424
#
# JRE version: OpenJDK Runtime Environment Temurin-21.0.8+9 (21.0.8+9) (build 21.0.8+9-LTS)
# Java VM: OpenJDK 64-Bit Server VM Temurin-21.0.8+9 (21.0.8+9-LTS, mixed mode, sharing, tiered, compressed oops, compressed class ptrs, parallel gc, windows-amd64)
# No core dump will be written. Minidumps are not enabled by default on client versions of Windows
#

---------------  S U M M A R Y ------------

Command Line: --add-modules=ALL-SYSTEM --add-opens=java.base/java.util=ALL-UNNAMED --add-opens=java.base/java.lang=ALL-UNNAMED --add-opens=java.base/sun.nio.fs=ALL-UNNAMED -Declipse.application=org.eclipse.jdt.ls.core.id1 -Dosgi.bundles.defaultStartLevel=4 -Declipse.product=org.eclipse.jdt.ls.core.product -Djava.import.generatesMetadataFilesAtProjectRoot=false -DDetectVMInstallationsJob.disabled=true -Dfile.encoding=utf8 -XX:+UseParallelGC -XX:GCTimeRatio=4 -XX:AdaptiveSizePolicyWeight=90 -Dsun.zip.disableMemoryMapping=true -Xmx2G -Xms100m -Xlog:disable -javaagent:c:\Users\anu\.vscode\extensions\redhat.java-1.47.2025102508-win32-x64\lombok\lombok-1.18.39-4050.jar -XX:+HeapDumpOnOutOfMemoryError -XX:HeapDumpPath=c:\Users\anu\AppData\Roaming\Code\User\workspaceStorage\5421c5e08f516b181be86b9d0eb1f847\redhat.java -Daether.dependencyCollector.impl=bf -XX:+UnlockDiagnosticVMOptions -XX:+AllowArchivingWithJavaAgent -XX:+AutoCreateSharedArchive -XX:SharedArchiveFile=c:\Users\anu\AppData\Roaming\Code\User\globalStorage\redhat.java\1.47.2025102508\jdtls.jsa c:\Users\anu\.vscode\extensions\redhat.java-1.47.2025102508-win32-x64\server\plugins\org.eclipse.equinox.launcher_1.7.100.v20251014-1222.jar -configuration c:\Users\anu\AppData\Roaming\Code\User\globalStorage\redhat.java\1.47.2025102508\config_win -data c:\Users\anu\AppData\Roaming\Code\User\workspaceStorage\5421c5e08f516b181be86b9d0eb1f847\redhat.java\jdt_ws --pipe=\\.\pipe\lsp-af2d300f2c1d152020020825ba6641de-sock

Host: 11th Gen Intel(R) Core(TM) i5-1155G7 @ 2.50GHz, 8 cores, 19G,  Windows 11 , 64 bit Build 26100 (10.0.26100.4768)
Time: Mon Oct 27 15:47:52 2025 India Standard Time elapsed time: 10367.654748 seconds (0d 2h 52m 47s)

---------------  T H R E A D  ---------------

Current thread (0x0000020ee85d6640):  JavaThread "Attach Listener" daemon [_thread_in_vm, id=29424, stack(0x000000b5d6700000,0x000000b5d6800000) (1024K)]

Stack: [0x000000b5d6700000,0x000000b5d6800000]
Native frames: (J=compiled Java code, j=interpreted, Vv=VM code, C=native code)
V  [jvm.dll+0x6d2449]
V  [jvm.dll+0x8ae341]
V  [jvm.dll+0x8b08be]
V  [jvm.dll+0x8b0fa3]
V  [jvm.dll+0x280c96]
V  [jvm.dll+0xc0347]
V  [jvm.dll+0x6d2cf9]
V  [jvm.dll+0x131116]
V  [jvm.dll+0x3f2d16]
V  [jvm.dll+0x857e6b]
V  [jvm.dll+0x6d0b0d]
C  [ucrtbase.dll+0x37b0]
C  [KERNEL32.DLL+0x2e8d7]
C  [ntdll.dll+0x3c34c]


---------------  P R O C E S S  ---------------

Threads class SMR info:
_java_thread_list=0x0000020ed48c7420, length=35, elements={
0x0000020ee6294c50, 0x0000020ee85cba40, 0x0000020ee85cc6f0, 0x0000020ee85d3830,
0x0000020ee85d6640, 0x0000020ee85d9730, 0x0000020ee85db6e0, 0x0000020ec1890ca0,
0x0000020ec189ab50, 0x0000020ec1972160, 0x0000020ec1bc6810, 0x0000020ec640b970,
0x0000020ec6b18430, 0x0000020ec6a7abb0, 0x0000020ec6a763f0, 0x0000020ec7141370,
0x0000020ec6b79960, 0x0000020ec6dd4e30, 0x0000020ec776c550, 0x0000020ec776cbe0,
0x0000020ec776d900, 0x0000020ec776ab10, 0x0000020ec7ddf6a0, 0x0000020ec7ddc8b0,
0x0000020ec7de03c0, 0x0000020ec7ddfd30, 0x0000020ec7dde2f0, 0x0000020ec7ddcf40,
0x0000020ec7ddd5d0, 0x0000020ec7de0a50, 0x0000020ec7de1770, 0x0000020ec7de1e00,
0x0000020ecb3135e0, 0x0000020ecb30fad0, 0x0000020ecb3156b0
}

Java Threads: ( => current thread )
  0x0000020ee6294c50 JavaThread "main"                              [_thread_blocked, id=19860, stack(0x000000b5d6000000,0x000000b5d6100000) (1024K)]
  0x0000020ee85cba40 JavaThread "Reference Handler"          daemon [_thread_blocked, id=2960, stack(0x000000b5d6400000,0x000000b5d6500000) (1024K)]
  0x0000020ee85cc6f0 JavaThread "Finalizer"                  daemon [_thread_blocked, id=27300, stack(0x000000b5d6500000,0x000000b5d6600000) (1024K)]
  0x0000020ee85d3830 JavaThread "Signal Dispatcher"          daemon [_thread_blocked, id=28336, stack(0x000000b5d6600000,0x000000b5d6700000) (1024K)]
=>0x0000020ee85d6640 JavaThread "Attach Listener"            daemon [_thread_in_vm, id=29424, stack(0x000000b5d6700000,0x000000b5d6800000) (1024K)]
  0x0000020ee85d9730 JavaThread "Service Thread"             daemon [_thread_blocked, id=31488, stack(0x000000b5d6800000,0x000000b5d6900000) (1024K)]
  0x0000020ee85db6e0 JavaThread "Monitor Deflation Thread"   daemon [_thread_blocked, id=9448, stack(0x000000b5d6900000,0x000000b5d6a00000) (1024K)]
  0x0000020ec1890ca0 JavaThread "C2 CompilerThread0"         daemon [_thread_blocked, id=23592, stack(0x000000b5d6a00000,0x000000b5d6b00000) (1024K)]
  0x0000020ec189ab50 JavaThread "C1 CompilerThread0"         daemon [_thread_blocked, id=32528, stack(0x000000b5d6b00000,0x000000b5d6c00000) (1024K)]
  0x0000020ec1972160 JavaThread "Common-Cleaner"             daemon [_thread_blocked, id=14656, stack(0x000000b5d6c00000,0x000000b5d6d00000) (1024K)]
  0x0000020ec1bc6810 JavaThread "Notification Thread"        daemon [_thread_blocked, id=21988, stack(0x000000b5d6e00000,0x000000b5d6f00000) (1024K)]
  0x0000020ec640b970 JavaThread "Active Thread: Equinox Container: 50e6c960-4a4d-438d-8e88-f13a55e920b5"        [_thread_blocked, id=9964, stack(0x000000b5d7600000,0x000000b5d7700000) (1024K)]
  0x0000020ec6b18430 JavaThread "Refresh Thread: Equinox Container: 50e6c960-4a4d-438d-8e88-f13a55e920b5" daemon [_thread_blocked, id=23148, stack(0x000000b5d7700000,0x000000b5d7800000) (1024K)]
  0x0000020ec6a7abb0 JavaThread "Framework Event Dispatcher: Equinox Container: 50e6c960-4a4d-438d-8e88-f13a55e920b5" daemon [_thread_blocked, id=23892, stack(0x000000b5d7800000,0x000000b5d7900000) (1024K)]
  0x0000020ec6a763f0 JavaThread "Start Level: Equinox Container: 50e6c960-4a4d-438d-8e88-f13a55e920b5" daemon [_thread_blocked, id=1940, stack(0x000000b5d7900000,0x000000b5d7a00000) (1024K)]
  0x0000020ec7141370 JavaThread "Bundle File Closer"         daemon [_thread_blocked, id=19528, stack(0x000000b5d7b00000,0x000000b5d7c00000) (1024K)]
  0x0000020ec6b79960 JavaThread "SCR Component Actor"        daemon [_thread_blocked, id=30320, stack(0x000000b5d6d00000,0x000000b5d6e00000) (1024K)]
  0x0000020ec6dd4e30 JavaThread "Worker-JM"                         [_thread_blocked, id=32760, stack(0x000000b5d7c00000,0x000000b5d7d00000) (1024K)]
  0x0000020ec776c550 JavaThread "Java indexing"              daemon [_thread_blocked, id=24056, stack(0x000000b5d8100000,0x000000b5d8200000) (1024K)]
  0x0000020ec776cbe0 JavaThread "JNA Cleaner"                daemon [_thread_blocked, id=19104, stack(0x000000b5d8300000,0x000000b5d8400000) (1024K)]
  0x0000020ec776d900 JavaThread "Thread-1"                   daemon [_thread_in_native, id=30072, stack(0x000000b5d8800000,0x000000b5d8900000) (1024K)]
  0x0000020ec776ab10 JavaThread "Thread-2"                   daemon [_thread_in_native, id=32516, stack(0x000000b5d8900000,0x000000b5d8a00000) (1024K)]
  0x0000020ec7ddf6a0 JavaThread "Thread-3"                   daemon [_thread_in_native, id=29428, stack(0x000000b5d8a00000,0x000000b5d8b00000) (1024K)]
  0x0000020ec7ddc8b0 JavaThread "Thread-4"                   daemon [_thread_in_native, id=19600, stack(0x000000b5d8b00000,0x000000b5d8c00000) (1024K)]
  0x0000020ec7de03c0 JavaThread "Thread-5"                   daemon [_thread_in_native, id=31424, stack(0x000000b5d8c00000,0x000000b5d8d00000) (1024K)]
  0x0000020ec7ddfd30 JavaThread "Thread-6"                   daemon [_thread_in_native, id=31332, stack(0x000000b5d8d00000,0x000000b5d8e00000) (1024K)]
  0x0000020ec7dde2f0 JavaThread "Thread-7"                   daemon [_thread_in_native, id=13448, stack(0x000000b5d8e00000,0x000000b5d8f00000) (1024K)]
  0x0000020ec7ddcf40 JavaThread "Thread-8"                   daemon [_thread_in_native, id=31076, stack(0x000000b5d8f00000,0x000000b5d9000000) (1024K)]
  0x0000020ec7ddd5d0 JavaThread "Thread-9"                   daemon [_thread_in_native, id=7564, stack(0x000000b5d9000000,0x000000b5d9100000) (1024K)]
  0x0000020ec7de0a50 JavaThread "pool-2-thread-1"                   [_thread_blocked, id=16740, stack(0x000000b5d9100000,0x000000b5d9200000) (1024K)]
  0x0000020ec7de1770 JavaThread "WorkspaceEventsHandler"            [_thread_blocked, id=29784, stack(0x000000b5d9300000,0x000000b5d9400000) (1024K)]
  0x0000020ec7de1e00 JavaThread "pool-1-thread-1"                   [_thread_blocked, id=10732, stack(0x000000b5d9400000,0x000000b5d9500000) (1024K)]
  0x0000020ecb3135e0 JavaThread "Cleaner-0"                  daemon [_thread_blocked, id=9740, stack(0x000000b5d9e00000,0x000000b5d9f00000) (1024K)]
  0x0000020ecb30fad0 JavaThread "Worker-8"                          [_thread_blocked, id=31776, stack(0x000000b5d7d00000,0x000000b5d7e00000) (1024K)]
  0x0000020ecb3156b0 JavaThread "Worker-10"                         [_thread_blocked, id=9328, stack(0x000000b5d8000000,0x000000b5d8100000) (1024K)]
Total: 35

Other Threads:
  0x0000020efefa7be0 VMThread "VM Thread"                           [id=4276, stack(0x000000b5d6300000,0x000000b5d6400000) (1024K)]
  0x0000020ee85958c0 WatcherThread "VM Periodic Task Thread"        [id=32352, stack(0x000000b5d6200000,0x000000b5d6300000) (1024K)]
  0x0000020ee8547cd0 WorkerThread "GC Thread#0"                     [id=24996, stack(0x000000b5d6100000,0x000000b5d6200000) (1024K)]
  0x0000020ec6450dc0 WorkerThread "GC Thread#1"                     [id=22460, stack(0x000000b5d7000000,0x000000b5d7100000) (1024K)]
  0x0000020ec689c290 WorkerThread "GC Thread#2"                     [id=25184, stack(0x000000b5d7100000,0x000000b5d7200000) (1024K)]
  0x0000020ec689c630 WorkerThread "GC Thread#3"                     [id=30112, stack(0x000000b5d7200000,0x000000b5d7300000) (1024K)]
  0x0000020ec689c9d0 WorkerThread "GC Thread#4"                     [id=11200, stack(0x000000b5d7300000,0x000000b5d7400000) (1024K)]
  0x0000020ec64b8250 WorkerThread "GC Thread#5"                     [id=10120, stack(0x000000b5d7400000,0x000000b5d7500000) (1024K)]
  0x0000020ec64b85f0 WorkerThread "GC Thread#6"                     [id=14204, stack(0x000000b5d7500000,0x000000b5d7600000) (1024K)]
  0x0000020ec6afe610 WorkerThread "GC Thread#7"                     [id=8108, stack(0x000000b5d6f00000,0x000000b5d7000000) (1024K)]
Total: 10

Threads with active compile tasks:
Total: 0

VM state: not at safepoint (normal execution)

VM Mutex/Monitor currently owned by a thread: None

Heap address: 0x0000000080000000, size: 2048 MB, Compressed Oops mode: 32-bit

CDS archive(s) mapped at: [0x0000020e80000000-0x0000020e80ba0000-0x0000020e80ba0000), size 12189696, SharedBaseAddress: 0x0000020e80000000, ArchiveRelocationMode: 1.
Compressed class space mapped at: 0x0000020e81000000-0x0000020ec1000000, reserved size: 1073741824
Narrow klass base: 0x0000020e80000000, Narrow klass shift: 0, Narrow klass range: 0x100000000

GC Precious Log:
 CardTable entry size: 512
 CPUs: 8 total, 8 available
 Memory: 20122M
 Large Page Support: Disabled
 NUMA Support: Disabled
 Compressed Oops: Enabled (32-bit)
 Alignments: Space 512K, Generation 512K, Heap 2M
 Heap Min Capacity: 100M
 Heap Initial Capacity: 100M
 Heap Max Capacity: 2G
 Pre-touch: Disabled
 Parallel Workers: 8

Heap:
 PSYoungGen      total 5632K, used 4393K [0x00000000d5580000, 0x00000000d5f00000, 0x0000000100000000)
  eden space 5120K, 78% used [0x00000000d5580000,0x00000000d596a6f0,0x00000000d5a80000)
  from space 512K, 75% used [0x00000000d5e00000,0x00000000d5e60000,0x00000000d5e80000)
  to   space 512K, 0% used [0x00000000d5e80000,0x00000000d5e80000,0x00000000d5f00000)
 ParOldGen       total 783872K, used 104571K [0x0000000080000000, 0x00000000afd80000, 0x00000000d5580000)
  object space 783872K, 13% used [0x0000000080000000,0x000000008661ec50,0x00000000afd80000)
 Metaspace       used 88776K, committed 90176K, reserved 1179648K
  class space    used 8423K, committed 9024K, reserved 1048576K

Card table byte_map: [0x0000020ee7ef0000,0x0000020ee8300000] _byte_map_base: 0x0000020ee7af0000

Marking Bits: (ParMarkBitMap*) 0x00007fffebbea340
 Begin Bits: [0x0000020efa9c0000, 0x0000020efc9c0000)
 End Bits:   [0x0000020efc9c0000, 0x0000020efe9c0000)

Polling page: 0x0000020ee7ce0000

Metaspace:

Usage:
  Non-class:     78.47 MB used.
      Class:      8.23 MB used.
       Both:     86.70 MB used.

Virtual space:
  Non-class space:      128.00 MB reserved,      79.25 MB ( 62%) committed,  2 nodes.
      Class space:        1.00 GB reserved,       8.81 MB ( <1%) committed,  1 nodes.
             Both:        1.12 GB reserved,      88.06 MB (  8%) committed. 

Chunk freelists:
   Non-Class:  416.00 KB
       Class:  7.07 MB
        Both:  7.48 MB

MaxMetaspaceSize: unlimited
CompressedClassSpaceSize: 1.00 GB
Initial GC threshold: 21.00 MB
Current GC threshold: 142.94 MB
CDS: on
 - commit_granule_bytes: 65536.
 - commit_granule_words: 8192.
 - virtual_space_node_default_size: 8388608.
 - enlarge_chunks_in_place: 1.
 - use_allocation_guard: 0.


Internal statistics:

num_allocs_failed_limit: 9.
num_arena_births: 1346.
num_arena_deaths: 280.
num_vsnodes_births: 3.
num_vsnodes_deaths: 0.
num_space_committed: 1409.
num_space_uncommitted: 0.
num_chunks_returned_to_freelist: 306.
num_chunks_taken_from_freelist: 5486.
num_chunk_merges: 89.
num_chunk_splits: 3280.
num_chunks_enlarged: 1879.
num_inconsistent_stats: 0.

CodeHeap 'non-profiled nmethods': size=120000Kb used=13230Kb max_used=13319Kb free=106769Kb
 bounds [0x0000020ef31e0000, 0x0000020ef3ef0000, 0x0000020efa710000]
CodeHeap 'profiled nmethods': size=120000Kb used=33666Kb max_used=33666Kb free=86333Kb
 bounds [0x0000020eeb710000, 0x0000020eed800000, 0x0000020ef2c40000]
CodeHeap 'non-nmethods': size=5760Kb used=1511Kb max_used=1573Kb free=4248Kb
 bounds [0x0000020ef2c40000, 0x0000020ef2eb0000, 0x0000020ef31e0000]
CodeCache: size=245760Kb, used=48407Kb, max_used=48558Kb, free=197350Kb
 total_blobs=14518, nmethods=13695, adapters=725, full_count=0
Compilation: enabled, stopped_count=0, restarted_count=0

Compilation events (20 events):
Event: 8937.023 Thread 0x0000020ec189ab50 15018       3       org.eclipse.core.internal.dtree.DataTreeNode::storeStrings (28 bytes)
Event: 8937.023 Thread 0x0000020ec189ab50 nmethod 15018 0x0000020eec427190 code [0x0000020eec427360, 0x0000020eec4277e0]
Event: 9116.191 Thread 0x0000020ec189ab50 15019   !   3       org.eclipse.osgi.container.ModuleDatabase::getTimestamp (25 bytes)
Event: 9116.191 Thread 0x0000020ec189ab50 nmethod 15019 0x0000020eec3e4810 code [0x0000020eec3e4a60, 0x0000020eec3e53a8]
Event: 9236.223 Thread 0x0000020ec189ab50 15020       3       org.eclipse.osgi.storage.Storage::isReadOnly (10 bytes)
Event: 9236.223 Thread 0x0000020ec189ab50 nmethod 15020 0x0000020eec3e4410 code [0x0000020eec3e45c0, 0x0000020eec3e4740]
Event: 9416.287 Thread 0x0000020ec189ab50 15021   !   3       org.eclipse.osgi.internal.framework.StorageSaver$StorageSaverTask::run (31 bytes)
Event: 9416.287 Thread 0x0000020ec189ab50 nmethod 15021 0x0000020eec3e3e10 code [0x0000020eec3e3fe0, 0x0000020eec3e4280]
Event: 9416.287 Thread 0x0000020ec189ab50 15022   !   3       org.eclipse.osgi.storage.Storage::save (62 bytes)
Event: 9416.288 Thread 0x0000020ec189ab50 nmethod 15022 0x0000020eec3e3710 code [0x0000020eec3e3900, 0x0000020eec3e3c70]
Event: 9455.292 Thread 0x0000020ec189ab50 15023       3       java.lang.ClassLoader::getBuiltinPlatformClassLoader (4 bytes)
Event: 9455.293 Thread 0x0000020ec189ab50 nmethod 15023 0x0000020eec3e3390 code [0x0000020eec3e3540, 0x0000020eec3e3690]
Event: 9545.308 Thread 0x0000020ec189ab50 15024       3       java.lang.ClassLoader::getPlatformClassLoader (21 bytes)
Event: 9545.309 Thread 0x0000020ec189ab50 nmethod 15024 0x0000020eec3e2e10 code [0x0000020eec3e2fe0, 0x0000020eec3e3270]
Event: 9725.355 Thread 0x0000020ec189ab50 15025       3       java.util.logging.Logger::getLogger (8 bytes)
Event: 9725.355 Thread 0x0000020ec189ab50 nmethod 15025 0x0000020eec3e2990 code [0x0000020eec3e2b60, 0x0000020eec3e2d20]
Event: 9725.355 Thread 0x0000020ec189ab50 15026       3       java.util.logging.Logger::getLogger (7 bytes)
Event: 9725.355 Thread 0x0000020ec189ab50 nmethod 15026 0x0000020eec3e2610 code [0x0000020eec3e27c0, 0x0000020eec3e28e8]
Event: 9725.355 Thread 0x0000020ec189ab50 15027       3       java.util.logging.Logger::demandLogger (36 bytes)
Event: 9725.355 Thread 0x0000020ec189ab50 nmethod 15027 0x0000020eeba41810 code [0x0000020eeba41aa0, 0x0000020eeba42550]

GC Heap History (20 events):
Event: 4191.466 GC heap before
{Heap before GC invocations=960 (full 4):
 PSYoungGen      total 5632K, used 5620K [0x00000000d5580000, 0x00000000d6680000, 0x0000000100000000)
  eden space 5120K, 100% used [0x00000000d5580000,0x00000000d5a80000,0x00000000d5a80000)
  from space 512K, 97% used [0x00000000d5c80000,0x00000000d5cfd2e0,0x00000000d5d00000)
  to   space 6144K, 0% used [0x00000000d6080000,0x00000000d6080000,0x00000000d6680000)
 ParOldGen       total 783872K, used 100546K [0x0000000080000000, 0x00000000afd80000, 0x00000000d5580000)
  object space 783872K, 12% used [0x0000000080000000,0x0000000086230bf0,0x00000000afd80000)
 Metaspace       used 86521K, committed 88064K, reserved 1179648K
  class space    used 8209K, committed 8896K, reserved 1048576K
}
Event: 4191.467 GC heap after
{Heap after GC invocations=960 (full 4):
 PSYoungGen      total 7680K, used 2118K [0x00000000d5580000, 0x00000000d6300000, 0x0000000100000000)
  eden space 5120K, 0% used [0x00000000d5580000,0x00000000d5580000,0x00000000d5a80000)
  from space 2560K, 82% used [0x00000000d6080000,0x00000000d6291af0,0x00000000d6300000)
  to   space 3584K, 0% used [0x00000000d5c00000,0x00000000d5c00000,0x00000000d5f80000)
 ParOldGen       total 783872K, used 100635K [0x0000000080000000, 0x00000000afd80000, 0x00000000d5580000)
  object space 783872K, 12% used [0x0000000080000000,0x0000000086246c00,0x00000000afd80000)
 Metaspace       used 86521K, committed 88064K, reserved 1179648K
  class space    used 8209K, committed 8896K, reserved 1048576K
}
Event: 8616.491 GC heap before
{Heap before GC invocations=961 (full 4):
 PSYoungGen      total 7680K, used 7238K [0x00000000d5580000, 0x00000000d6300000, 0x0000000100000000)
  eden space 5120K, 100% used [0x00000000d5580000,0x00000000d5a80000,0x00000000d5a80000)
  from space 2560K, 82% used [0x00000000d6080000,0x00000000d6291af0,0x00000000d6300000)
  to   space 3584K, 0% used [0x00000000d5c00000,0x00000000d5c00000,0x00000000d5f80000)
 ParOldGen       total 783872K, used 100635K [0x0000000080000000, 0x00000000afd80000, 0x00000000d5580000)
  object space 783872K, 12% used [0x0000000080000000,0x0000000086246c00,0x00000000afd80000)
 Metaspace       used 86556K, committed 88064K, reserved 1179648K
  class space    used 8209K, committed 8896K, reserved 1048576K
}
Event: 8616.495 GC heap after
{Heap after GC invocations=961 (full 4):
 PSYoungGen      total 7680K, used 2096K [0x00000000d5580000, 0x00000000d6100000, 0x0000000100000000)
  eden space 5120K, 0% used [0x00000000d5580000,0x00000000d5580000,0x00000000d5a80000)
  from space 2560K, 81% used [0x00000000d5c00000,0x00000000d5e0c020,0x00000000d5e80000)
  to   space 2560K, 0% used [0x00000000d5e80000,0x00000000d5e80000,0x00000000d6100000)
 ParOldGen       total 783872K, used 102059K [0x0000000080000000, 0x00000000afd80000, 0x00000000d5580000)
  object space 783872K, 13% used [0x0000000080000000,0x00000000863aac00,0x00000000afd80000)
 Metaspace       used 86556K, committed 88064K, reserved 1179648K
  class space    used 8209K, committed 8896K, reserved 1048576K
}
Event: 8624.683 GC heap before
{Heap before GC invocations=962 (full 4):
 PSYoungGen      total 7680K, used 7216K [0x00000000d5580000, 0x00000000d6100000, 0x0000000100000000)
  eden space 5120K, 100% used [0x00000000d5580000,0x00000000d5a80000,0x00000000d5a80000)
  from space 2560K, 81% used [0x00000000d5c00000,0x00000000d5e0c020,0x00000000d5e80000)
  to   space 2560K, 0% used [0x00000000d5e80000,0x00000000d5e80000,0x00000000d6100000)
 ParOldGen       total 783872K, used 102059K [0x0000000080000000, 0x00000000afd80000, 0x00000000d5580000)
  object space 783872K, 13% used [0x0000000080000000,0x00000000863aac00,0x00000000afd80000)
 Metaspace       used 86576K, committed 88064K, reserved 1179648K
  class space    used 8209K, committed 8896K, reserved 1048576K
}
Event: 8624.684 GC heap after
{Heap after GC invocations=962 (full 4):
 PSYoungGen      total 5632K, used 224K [0x00000000d5580000, 0x00000000d5f00000, 0x0000000100000000)
  eden space 5120K, 0% used [0x00000000d5580000,0x00000000d5580000,0x00000000d5a80000)
  from space 512K, 43% used [0x00000000d5e80000,0x00000000d5eb8000,0x00000000d5f00000)
  to   space 1024K, 0% used [0x00000000d5d00000,0x00000000d5d00000,0x00000000d5e00000)
 ParOldGen       total 783872K, used 103971K [0x0000000080000000, 0x00000000afd80000, 0x00000000d5580000)
  object space 783872K, 13% used [0x0000000080000000,0x0000000086588c20,0x00000000afd80000)
 Metaspace       used 86576K, committed 88064K, reserved 1179648K
  class space    used 8209K, committed 8896K, reserved 1048576K
}
Event: 8673.029 GC heap before
{Heap before GC invocations=963 (full 4):
 PSYoungGen      total 5632K, used 5344K [0x00000000d5580000, 0x00000000d5f00000, 0x0000000100000000)
  eden space 5120K, 100% used [0x00000000d5580000,0x00000000d5a80000,0x00000000d5a80000)
  from space 512K, 43% used [0x00000000d5e80000,0x00000000d5eb8000,0x00000000d5f00000)
  to   space 1024K, 0% used [0x00000000d5d00000,0x00000000d5d00000,0x00000000d5e00000)
 ParOldGen       total 783872K, used 103971K [0x0000000080000000, 0x00000000afd80000, 0x00000000d5580000)
  object space 783872K, 13% used [0x0000000080000000,0x0000000086588c20,0x00000000afd80000)
 Metaspace       used 86935K, committed 88256K, reserved 1179648K
  class space    used 8263K, committed 8896K, reserved 1048576K
}
Event: 8673.030 GC heap after
{Heap after GC invocations=963 (full 4):
 PSYoungGen      total 6144K, used 256K [0x00000000d5580000, 0x00000000d5f00000, 0x0000000100000000)
  eden space 5120K, 0% used [0x00000000d5580000,0x00000000d5580000,0x00000000d5a80000)
  from space 1024K, 25% used [0x00000000d5d00000,0x00000000d5d40000,0x00000000d5e00000)
  to   space 512K, 0% used [0x00000000d5e80000,0x00000000d5e80000,0x00000000d5f00000)
 ParOldGen       total 783872K, used 104019K [0x0000000080000000, 0x00000000afd80000, 0x00000000d5580000)
  object space 783872K, 13% used [0x0000000080000000,0x0000000086594c30,0x00000000afd80000)
 Metaspace       used 86935K, committed 88256K, reserved 1179648K
  class space    used 8263K, committed 8896K, reserved 1048576K
}
Event: 8673.096 GC heap before
{Heap before GC invocations=964 (full 4):
 PSYoungGen      total 6144K, used 5376K [0x00000000d5580000, 0x00000000d5f00000, 0x0000000100000000)
  eden space 5120K, 100% used [0x00000000d5580000,0x00000000d5a80000,0x00000000d5a80000)
  from space 1024K, 25% used [0x00000000d5d00000,0x00000000d5d40000,0x00000000d5e00000)
  to   space 512K, 0% used [0x00000000d5e80000,0x00000000d5e80000,0x00000000d5f00000)
 ParOldGen       total 783872K, used 104019K [0x0000000080000000, 0x00000000afd80000, 0x00000000d5580000)
  object space 783872K, 13% used [0x0000000080000000,0x0000000086594c30,0x00000000afd80000)
 Metaspace       used 87976K, committed 89216K, reserved 1179648K
  class space    used 8357K, committed 8896K, reserved 1048576K
}
Event: 8673.097 GC heap after
{Heap after GC invocations=964 (full 4):
 PSYoungGen      total 5632K, used 272K [0x00000000d5580000, 0x00000000d5f00000, 0x0000000100000000)
  eden space 5120K, 0% used [0x00000000d5580000,0x00000000d5580000,0x00000000d5a80000)
  from space 512K, 53% used [0x00000000d5e80000,0x00000000d5ec4010,0x00000000d5f00000)
  to   space 512K, 0% used [0x00000000d5e00000,0x00000000d5e00000,0x00000000d5e80000)
 ParOldGen       total 783872K, used 104107K [0x0000000080000000, 0x00000000afd80000, 0x00000000d5580000)
  object space 783872K, 13% used [0x0000000080000000,0x00000000865aac30,0x00000000afd80000)
 Metaspace       used 87976K, committed 89216K, reserved 1179648K
  class space    used 8357K, committed 8896K, reserved 1048576K
}
Event: 8673.392 GC heap before
{Heap before GC invocations=965 (full 4):
 PSYoungGen      total 5632K, used 5392K [0x00000000d5580000, 0x00000000d5f00000, 0x0000000100000000)
  eden space 5120K, 100% used [0x00000000d5580000,0x00000000d5a80000,0x00000000d5a80000)
  from space 512K, 53% used [0x00000000d5e80000,0x00000000d5ec4010,0x00000000d5f00000)
  to   space 512K, 0% used [0x00000000d5e00000,0x00000000d5e00000,0x00000000d5e80000)
 ParOldGen       total 783872K, used 104107K [0x0000000080000000, 0x00000000afd80000, 0x00000000d5580000)
  object space 783872K, 13% used [0x0000000080000000,0x00000000865aac30,0x00000000afd80000)
 Metaspace       used 88632K, committed 89920K, reserved 1179648K
  class space    used 8417K, committed 9024K, reserved 1048576K
}
Event: 8673.393 GC heap after
{Heap after GC invocations=965 (full 4):
 PSYoungGen      total 5632K, used 336K [0x00000000d5580000, 0x00000000d5f00000, 0x0000000100000000)
  eden space 5120K, 0% used [0x00000000d5580000,0x00000000d5580000,0x00000000d5a80000)
  from space 512K, 65% used [0x00000000d5e00000,0x00000000d5e54010,0x00000000d5e80000)
  to   space 512K, 0% used [0x00000000d5e80000,0x00000000d5e80000,0x00000000d5f00000)
 ParOldGen       total 783872K, used 104219K [0x0000000080000000, 0x00000000afd80000, 0x00000000d5580000)
  object space 783872K, 13% used [0x0000000080000000,0x00000000865c6c30,0x00000000afd80000)
 Metaspace       used 88632K, committed 89920K, reserved 1179648K
  class space    used 8417K, committed 9024K, reserved 1048576K
}
Event: 8684.583 GC heap before
{Heap before GC invocations=966 (full 4):
 PSYoungGen      total 5632K, used 5456K [0x00000000d5580000, 0x00000000d5f00000, 0x0000000100000000)
  eden space 5120K, 100% used [0x00000000d5580000,0x00000000d5a80000,0x00000000d5a80000)
  from space 512K, 65% used [0x00000000d5e00000,0x00000000d5e54010,0x00000000d5e80000)
  to   space 512K, 0% used [0x00000000d5e80000,0x00000000d5e80000,0x00000000d5f00000)
 ParOldGen       total 783872K, used 104219K [0x0000000080000000, 0x00000000afd80000, 0x00000000d5580000)
  object space 783872K, 13% used [0x0000000080000000,0x00000000865c6c30,0x00000000afd80000)
 Metaspace       used 88682K, committed 89984K, reserved 1179648K
  class space    used 8422K, committed 9024K, reserved 1048576K
}
Event: 8684.583 GC heap after
{Heap after GC invocations=966 (full 4):
 PSYoungGen      total 5632K, used 432K [0x00000000d5580000, 0x00000000d5f00000, 0x0000000100000000)
  eden space 5120K, 0% used [0x00000000d5580000,0x00000000d5580000,0x00000000d5a80000)
  from space 512K, 84% used [0x00000000d5e80000,0x00000000d5eec030,0x00000000d5f00000)
  to   space 512K, 0% used [0x00000000d5e00000,0x00000000d5e00000,0x00000000d5e80000)
 ParOldGen       total 783872K, used 104339K [0x0000000080000000, 0x00000000afd80000, 0x00000000d5580000)
  object space 783872K, 13% used [0x0000000080000000,0x00000000865e4c30,0x00000000afd80000)
 Metaspace       used 88682K, committed 89984K, reserved 1179648K
  class space    used 8422K, committed 9024K, reserved 1048576K
}
Event: 8685.319 GC heap before
{Heap before GC invocations=967 (full 4):
 PSYoungGen      total 5632K, used 5552K [0x00000000d5580000, 0x00000000d5f00000, 0x0000000100000000)
  eden space 5120K, 100% used [0x00000000d5580000,0x00000000d5a80000,0x00000000d5a80000)
  from space 512K, 84% used [0x00000000d5e80000,0x00000000d5eec030,0x00000000d5f00000)
  to   space 512K, 0% used [0x00000000d5e00000,0x00000000d5e00000,0x00000000d5e80000)
 ParOldGen       total 783872K, used 104339K [0x0000000080000000, 0x00000000afd80000, 0x00000000d5580000)
  object space 783872K, 13% used [0x0000000080000000,0x00000000865e4c30,0x00000000afd80000)
 Metaspace       used 88714K, committed 89984K, reserved 1179648K
  class space    used 8422K, committed 9024K, reserved 1048576K
}
Event: 8685.319 GC heap after
{Heap after GC invocations=967 (full 4):
 PSYoungGen      total 5632K, used 384K [0x00000000d5580000, 0x00000000d5f00000, 0x0000000100000000)
  eden space 5120K, 0% used [0x00000000d5580000,0x00000000d5580000,0x00000000d5a80000)
  from space 512K, 75% used [0x00000000d5e00000,0x00000000d5e60000,0x00000000d5e80000)
  to   space 512K, 0% used [0x00000000d5e80000,0x00000000d5e80000,0x00000000d5f00000)
 ParOldGen       total 783872K, used 104467K [0x0000000080000000, 0x00000000afd80000, 0x00000000d5580000)
  object space 783872K, 13% used [0x0000000080000000,0x0000000086604c50,0x00000000afd80000)
 Metaspace       used 88714K, committed 89984K, reserved 1179648K
  class space    used 8422K, committed 9024K, reserved 1048576K
}
Event: 8699.352 GC heap before
{Heap before GC invocations=968 (full 4):
 PSYoungGen      total 5632K, used 5504K [0x00000000d5580000, 0x00000000d5f00000, 0x0000000100000000)
  eden space 5120K, 100% used [0x00000000d5580000,0x00000000d5a80000,0x00000000d5a80000)
  from space 512K, 75% used [0x00000000d5e00000,0x00000000d5e60000,0x00000000d5e80000)
  to   space 512K, 0% used [0x00000000d5e80000,0x00000000d5e80000,0x00000000d5f00000)
 ParOldGen       total 783872K, used 104467K [0x0000000080000000, 0x00000000afd80000, 0x00000000d5580000)
  object space 783872K, 13% used [0x0000000080000000,0x0000000086604c50,0x00000000afd80000)
 Metaspace       used 88737K, committed 90048K, reserved 1179648K
  class space    used 8422K, committed 9024K, reserved 1048576K
}
Event: 8699.353 GC heap after
{Heap after GC invocations=968 (full 4):
 PSYoungGen      total 5632K, used 256K [0x00000000d5580000, 0x00000000d5f00000, 0x0000000100000000)
  eden space 5120K, 0% used [0x00000000d5580000,0x00000000d5580000,0x00000000d5a80000)
  from space 512K, 50% used [0x00000000d5e80000,0x00000000d5ec0000,0x00000000d5f00000)
  to   space 512K, 0% used [0x00000000d5e00000,0x00000000d5e00000,0x00000000d5e80000)
 ParOldGen       total 783872K, used 104491K [0x0000000080000000, 0x00000000afd80000, 0x00000000d5580000)
  object space 783872K, 13% used [0x0000000080000000,0x000000008660ac50,0x00000000afd80000)
 Metaspace       used 88737K, committed 90048K, reserved 1179648K
  class space    used 8422K, committed 9024K, reserved 1048576K
}
Event: 8713.526 GC heap before
{Heap before GC invocations=969 (full 4):
 PSYoungGen      total 5632K, used 5376K [0x00000000d5580000, 0x00000000d5f00000, 0x0000000100000000)
  eden space 5120K, 100% used [0x00000000d5580000,0x00000000d5a80000,0x00000000d5a80000)
  from space 512K, 50% used [0x00000000d5e80000,0x00000000d5ec0000,0x00000000d5f00000)
  to   space 512K, 0% used [0x00000000d5e00000,0x00000000d5e00000,0x00000000d5e80000)
 ParOldGen       total 783872K, used 104491K [0x0000000080000000, 0x00000000afd80000, 0x00000000d5580000)
  object space 783872K, 13% used [0x0000000080000000,0x000000008660ac50,0x00000000afd80000)
 Metaspace       used 88743K, committed 90048K, reserved 1179648K
  class space    used 8422K, committed 9024K, reserved 1048576K
}
Event: 8713.527 GC heap after
{Heap after GC invocations=969 (full 4):
 PSYoungGen      total 5632K, used 384K [0x00000000d5580000, 0x00000000d5f00000, 0x0000000100000000)
  eden space 5120K, 0% used [0x00000000d5580000,0x00000000d5580000,0x00000000d5a80000)
  from space 512K, 75% used [0x00000000d5e00000,0x00000000d5e60000,0x00000000d5e80000)
  to   space 512K, 0% used [0x00000000d5e80000,0x00000000d5e80000,0x00000000d5f00000)
 ParOldGen       total 783872K, used 104571K [0x0000000080000000, 0x00000000afd80000, 0x00000000d5580000)
  object space 783872K, 13% used [0x0000000080000000,0x000000008661ec50,0x00000000afd80000)
 Metaspace       used 88743K, committed 90048K, reserved 1179648K
  class space    used 8422K, committed 9024K, reserved 1048576K
}

Dll operation events (14 events):
Event: 0.013 Loaded shared library c:\Users\anu\.vscode\extensions\redhat.java-1.47.2025102508-win32-x64\jre\21.0.8-win32-x86_64\bin\java.dll
Event: 0.030 Loaded shared library c:\Users\anu\.vscode\extensions\redhat.java-1.47.2025102508-win32-x64\jre\21.0.8-win32-x86_64\bin\zip.dll
Event: 0.111 Loaded shared library C:\Users\anu\.vscode\extensions\redhat.java-1.47.2025102508-win32-x64\jre\21.0.8-win32-x86_64\bin\instrument.dll
Event: 0.115 Loaded shared library C:\Users\anu\.vscode\extensions\redhat.java-1.47.2025102508-win32-x64\jre\21.0.8-win32-x86_64\bin\net.dll
Event: 0.117 Loaded shared library C:\Users\anu\.vscode\extensions\redhat.java-1.47.2025102508-win32-x64\jre\21.0.8-win32-x86_64\bin\nio.dll
Event: 0.120 Loaded shared library C:\Users\anu\.vscode\extensions\redhat.java-1.47.2025102508-win32-x64\jre\21.0.8-win32-x86_64\bin\zip.dll
Event: 0.135 Loaded shared library C:\Users\anu\.vscode\extensions\redhat.java-1.47.2025102508-win32-x64\jre\21.0.8-win32-x86_64\bin\jimage.dll
Event: 0.210 Loaded shared library c:\Users\anu\.vscode\extensions\redhat.java-1.47.2025102508-win32-x64\jre\21.0.8-win32-x86_64\bin\verify.dll
Event: 1.485 Loaded shared library C:\Users\anu\AppData\Roaming\Code\User\globalStorage\redhat.java\1.47.2025102508\config_win\org.eclipse.equinox.launcher\org.eclipse.equinox.launcher.win32.win32.x86_64_1.2.1400.v20250801-0854\eclipse_11916.dll
Event: 3.432 Loaded shared library C:\Users\anu\.vscode\extensions\redhat.java-1.47.2025102508-win32-x64\jre\21.0.8-win32-x86_64\bin\management.dll
Event: 3.435 Loaded shared library C:\Users\anu\.vscode\extensions\redhat.java-1.47.2025102508-win32-x64\jre\21.0.8-win32-x86_64\bin\management_ext.dll
Event: 6.834 Loaded shared library C:\Users\anu\AppData\Local\Temp\jna-96744\jna7224873263171384058.dll
Event: 7.799 Loaded shared library C:\Users\anu\.vscode\extensions\redhat.java-1.47.2025102508-win32-x64\jre\21.0.8-win32-x86_64\bin\sunmscapi.dll
Event: 7.963 Loaded shared library C:\Users\anu\.vscode\extensions\redhat.java-1.47.2025102508-win32-x64\jre\21.0.8-win32-x86_64\bin\extnet.dll

Deoptimization events (20 events):
Event: 8699.348 Thread 0x0000020ec776d270 DEOPT PACKING pc=0x0000020ef3debf7c sp=0x000000b5d5efe3f0
Event: 8699.348 Thread 0x0000020ec776d270 DEOPT UNPACKING pc=0x0000020ef2c96da2 sp=0x000000b5d5efe370 mode 2
Event: 8699.355 Thread 0x0000020ec776d270 Uncommon trap: trap_request=0xffffffde fr.pc=0x0000020ef3debf7c relative=0x000000000000073c
Event: 8699.355 Thread 0x0000020ec776d270 Uncommon trap: reason=class_check action=maybe_recompile pc=0x0000020ef3debf7c method=org.eclipse.jdt.internal.compiler.parser.Parser.consumeRule(I)V @ 4401 c2
Event: 8699.355 Thread 0x0000020ec776d270 DEOPT PACKING pc=0x0000020ef3debf7c sp=0x000000b5d5efe490
Event: 8699.355 Thread 0x0000020ec776d270 DEOPT UNPACKING pc=0x0000020ef2c96da2 sp=0x000000b5d5efe410 mode 2
Event: 8713.530 Thread 0x0000020ec776d270 DEOPT PACKING pc=0x0000020eebcc6f16 sp=0x000000b5d5efe1d0
Event: 8713.530 Thread 0x0000020ec776d270 DEOPT UNPACKING pc=0x0000020ef2c978e2 sp=0x000000b5d5efd6d8 mode 0
Event: 8718.310 Thread 0x0000020ec776d270 Uncommon trap: trap_request=0xffffffde fr.pc=0x0000020ef3484ea4 relative=0x0000000000001224
Event: 8718.310 Thread 0x0000020ec776d270 Uncommon trap: reason=class_check action=maybe_recompile pc=0x0000020ef3484ea4 method=org.eclipse.jdt.internal.compiler.parser.Parser.consumeRule(I)V @ 6037 c2
Event: 8718.310 Thread 0x0000020ec776d270 DEOPT PACKING pc=0x0000020ef3484ea4 sp=0x000000b5d5efdef0
Event: 8718.310 Thread 0x0000020ec776d270 DEOPT UNPACKING pc=0x0000020ef2c96da2 sp=0x000000b5d5efde70 mode 2
Event: 8718.310 Thread 0x0000020ec776d270 Uncommon trap: trap_request=0xffffffde fr.pc=0x0000020ef3484ee4 relative=0x0000000000001264
Event: 8718.310 Thread 0x0000020ec776d270 Uncommon trap: reason=class_check action=maybe_recompile pc=0x0000020ef3484ee4 method=org.eclipse.jdt.internal.compiler.parser.Parser.consumeRule(I)V @ 6065 c2
Event: 8718.310 Thread 0x0000020ec776d270 DEOPT PACKING pc=0x0000020ef3484ee4 sp=0x000000b5d5efdef0
Event: 8718.310 Thread 0x0000020ec776d270 DEOPT UNPACKING pc=0x0000020ef2c96da2 sp=0x000000b5d5efde60 mode 2
Event: 8718.397 Thread 0x0000020ec776d270 Uncommon trap: trap_request=0xffffffde fr.pc=0x0000020ef3484ea4 relative=0x0000000000001224
Event: 8718.397 Thread 0x0000020ec776d270 Uncommon trap: reason=class_check action=maybe_recompile pc=0x0000020ef3484ea4 method=org.eclipse.jdt.internal.compiler.parser.Parser.consumeRule(I)V @ 6037 c2
Event: 8718.397 Thread 0x0000020ec776d270 DEOPT PACKING pc=0x0000020ef3484ea4 sp=0x000000b5d5efdef0
Event: 8718.397 Thread 0x0000020ec776d270 DEOPT UNPACKING pc=0x0000020ef2c96da2 sp=0x000000b5d5efde70 mode 2

Classes loaded (20 events):
Event: 3672.785 Loading class sun/security/provider/certpath/CertId
Event: 3672.785 Loading class sun/security/provider/certpath/CertId done
Event: 3672.786 Loading class sun/security/provider/certpath/OCSP$RevocationStatus$CertStatus
Event: 3672.788 Loading class sun/security/provider/certpath/OCSP$RevocationStatus$CertStatus done
Event: 3672.807 Loading class sun/security/ssl/CertificateVerify$T13CertificateVerifyMessage
Event: 3672.807 Loading class sun/security/ssl/CertificateVerify$T13CertificateVerifyMessage done
Event: 3672.812 Loading class sun/security/ssl/SSLBasicKeyDerivation
Event: 3672.812 Loading class sun/security/ssl/SSLBasicKeyDerivation done
Event: 3672.812 Loading class sun/security/ssl/SSLBasicKeyDerivation$SecretSizeSpec
Event: 3672.812 Loading class sun/security/ssl/SSLBasicKeyDerivation$SecretSizeSpec done
Event: 3672.869 Loading class sun/security/ssl/PostHandshakeContext
Event: 3672.870 Loading class sun/security/ssl/PostHandshakeContext done
Event: 3672.870 Loading class sun/security/ssl/NewSessionTicket$T13NewSessionTicketMessage
Event: 3672.870 Loading class sun/security/ssl/NewSessionTicket$T13NewSessionTicketMessage done
Event: 8672.958 Loading class java/util/stream/ReferencePipeline$15
Event: 8672.958 Loading class java/util/stream/ReferencePipeline$15 done
Event: 8672.958 Loading class java/util/stream/ReferencePipeline$15$1
Event: 8672.959 Loading class java/util/stream/ReferencePipeline$15$1 done
Event: 8673.141 Loading class java/util/HashMap$EntrySpliterator
Event: 8673.141 Loading class java/util/HashMap$EntrySpliterator done

Classes unloaded (20 events):
Event: 4178.229 Thread 0x0000020efefa7be0 Unloading class 0x0000020e81017400 'java/lang/invoke/LambdaForm$MH+0x0000020e81017400'
Event: 4178.229 Thread 0x0000020efefa7be0 Unloading class 0x0000020e81016400 'java/lang/invoke/LambdaForm$MH+0x0000020e81016400'
Event: 4178.229 Thread 0x0000020efefa7be0 Unloading class 0x0000020e8100d800 'java/lang/invoke/LambdaForm$MH+0x0000020e8100d800'
Event: 4178.229 Thread 0x0000020efefa7be0 Unloading class 0x0000020e8100d400 'java/lang/invoke/LambdaForm$MH+0x0000020e8100d400'
Event: 4178.229 Thread 0x0000020efefa7be0 Unloading class 0x0000020e8100d000 'java/lang/invoke/LambdaForm$MH+0x0000020e8100d000'
Event: 4178.229 Thread 0x0000020efefa7be0 Unloading class 0x0000020e8100cc00 'java/lang/invoke/LambdaForm$MH+0x0000020e8100cc00'
Event: 4178.229 Thread 0x0000020efefa7be0 Unloading class 0x0000020e8100c800 'java/lang/invoke/LambdaForm$BMH+0x0000020e8100c800'
Event: 4178.229 Thread 0x0000020efefa7be0 Unloading class 0x0000020e8100c000 'java/lang/invoke/LambdaForm$DMH+0x0000020e8100c000'
Event: 4178.229 Thread 0x0000020efefa7be0 Unloading class 0x0000020e81008c00 'java/lang/invoke/LambdaForm$MH+0x0000020e81008c00'
Event: 4178.229 Thread 0x0000020efefa7be0 Unloading class 0x0000020e81008800 'java/lang/invoke/LambdaForm$MH+0x0000020e81008800'
Event: 4178.229 Thread 0x0000020efefa7be0 Unloading class 0x0000020e81008400 'java/lang/invoke/LambdaForm$MH+0x0000020e81008400'
Event: 4178.229 Thread 0x0000020efefa7be0 Unloading class 0x0000020e81007000 'java/lang/invoke/LambdaForm$MH+0x0000020e81007000'
Event: 4178.229 Thread 0x0000020efefa7be0 Unloading class 0x0000020e81006800 'java/lang/invoke/LambdaForm$MH+0x0000020e81006800'
Event: 4178.229 Thread 0x0000020efefa7be0 Unloading class 0x0000020e81006400 'java/lang/invoke/LambdaForm$MH+0x0000020e81006400'
Event: 4178.229 Thread 0x0000020efefa7be0 Unloading class 0x0000020e81006000 'java/lang/invoke/LambdaForm$MH+0x0000020e81006000'
Event: 4178.229 Thread 0x0000020efefa7be0 Unloading class 0x0000020e81005c00 'java/lang/invoke/LambdaForm$BMH+0x0000020e81005c00'
Event: 4178.229 Thread 0x0000020efefa7be0 Unloading class 0x0000020e81004800 'java/lang/invoke/LambdaForm$DMH+0x0000020e81004800'
Event: 4178.229 Thread 0x0000020efefa7be0 Unloading class 0x0000020e81002400 'java/lang/invoke/LambdaForm$MH+0x0000020e81002400'
Event: 4178.229 Thread 0x0000020efefa7be0 Unloading class 0x0000020e81002000 'java/lang/invoke/LambdaForm$MH+0x0000020e81002000'
Event: 4178.229 Thread 0x0000020efefa7be0 Unloading class 0x0000020e81001800 'java/lang/invoke/LambdaForm$MH+0x0000020e81001800'

Classes redefined (0 events):
No events

Internal exceptions (20 events):
Event: 3732.100 Thread 0x0000020ec7de1e00 Exception <a 'java/lang/ArrayIndexOutOfBoundsException'{0x00000000d56747a8}> (0x00000000d56747a8) 
thrown [s\src\hotspot\share\runtime\sharedRuntime.cpp, line 625]
Event: 3744.290 Thread 0x0000020ecb311ba0 Implicit null exception at 0x0000020ef3c885fd to 0x0000020ef3c89184
Event: 3744.292 Thread 0x0000020ecb311ba0 Implicit null exception at 0x0000020ef3c90002 to 0x0000020ef3c90be8
Event: 3752.285 Thread 0x0000020ec776c550 Exception <a 'sun/nio/fs/WindowsException'{0x00000000d5580f48}> (0x00000000d5580f48) 
thrown [s\src\hotspot\share\prims\jni.cpp, line 520]
Event: 3752.351 Thread 0x0000020ec776c550 Exception <a 'sun/nio/fs/WindowsException'{0x00000000d56b1268}> (0x00000000d56b1268) 
thrown [s\src\hotspot\share\prims\jni.cpp, line 520]
Event: 3756.424 Thread 0x0000020ec776c550 Exception <a 'sun/nio/fs/WindowsException'{0x00000000d56aa740}> (0x00000000d56aa740) 
thrown [s\src\hotspot\share\prims\jni.cpp, line 520]
Event: 3756.478 Thread 0x0000020ec776c550 Exception <a 'sun/nio/fs/WindowsException'{0x00000000d57da2c0}> (0x00000000d57da2c0) 
thrown [s\src\hotspot\share\prims\jni.cpp, line 520]
Event: 4088.332 Thread 0x0000020ecb3128c0 Exception <a 'java/lang/ClassNotFoundException'{0x00000000d55f6ea8}: sun/net/www/protocol/jdt/Handler> (0x00000000d55f6ea8) 
thrown [s\src\hotspot\share\classfile\systemDictionary.cpp, line 312]
Event: 4088.332 Thread 0x0000020ecb3128c0 Exception <a 'java/lang/ClassNotFoundException'{0x00000000d55f9318}: sun/net/www/protocol/jdt/Handler> (0x00000000d55f9318) 
thrown [s\src\hotspot\share\classfile\systemDictionary.cpp, line 312]
Event: 4103.981 Thread 0x0000020ecb311ba0 Exception <a 'java/lang/ClassNotFoundException'{0x00000000d55f3308}: sun/net/www/protocol/jdt/Handler> (0x00000000d55f3308) 
thrown [s\src\hotspot\share\classfile\systemDictionary.cpp, line 312]
Event: 4103.981 Thread 0x0000020ecb311ba0 Exception <a 'java/lang/ClassNotFoundException'{0x00000000d55f59c8}: sun/net/www/protocol/jdt/Handler> (0x00000000d55f59c8) 
thrown [s\src\hotspot\share\classfile\systemDictionary.cpp, line 312]
Event: 4157.565 Thread 0x0000020ec7de1e00 Exception <a 'java/lang/ArrayIndexOutOfBoundsException'{0x00000000d5971438}> (0x00000000d5971438) 
thrown [s\src\hotspot\share\runtime\sharedRuntime.cpp, line 625]
Event: 4157.565 Thread 0x0000020ec7de1e00 Exception <a 'java/lang/ArrayIndexOutOfBoundsException'{0x00000000d5971cb0}> (0x00000000d5971cb0) 
thrown [s\src\hotspot\share\runtime\sharedRuntime.cpp, line 625]
Event: 4157.565 Thread 0x0000020ec7de1e00 Exception <a 'java/lang/ArrayIndexOutOfBoundsException'{0x00000000d5972020}> (0x00000000d5972020) 
thrown [s\src\hotspot\share\runtime\sharedRuntime.cpp, line 625]
Event: 4191.439 Thread 0x0000020ec776c550 Exception <a 'sun/nio/fs/WindowsException'{0x00000000d5590a68}> (0x00000000d5590a68) 
thrown [s\src\hotspot\share\prims\jni.cpp, line 520]
Event: 4191.491 Thread 0x0000020ec776c550 Exception <a 'sun/nio/fs/WindowsException'{0x00000000d57c7f18}> (0x00000000d57c7f18) 
thrown [s\src\hotspot\share\prims\jni.cpp, line 520]
Event: 8616.501 Thread 0x0000020ec776b1a0 Exception <a 'java/lang/ClassNotFoundException'{0x00000000d56d3440}: sun/net/www/protocol/jdt/Handler> (0x00000000d56d3440) 
thrown [s\src\hotspot\share\classfile\systemDictionary.cpp, line 312]
Event: 8616.501 Thread 0x0000020ec776b1a0 Exception <a 'java/lang/ClassNotFoundException'{0x00000000d56d5b40}: sun/net/www/protocol/jdt/Handler> (0x00000000d56d5b40) 
thrown [s\src\hotspot\share\classfile\systemDictionary.cpp, line 312]
Event: 8671.145 Thread 0x0000020ec776b1a0 Implicit null exception at 0x0000020ef3288198 to 0x0000020ef3288664
Event: 8673.111 Thread 0x0000020ec776d270 Exception <a 'java/lang/NoSuchMethodError'{0x00000000d56bf748}: 'int java.lang.invoke.DirectMethodHandle$Holder.invokeSpecial(java.lang.Object, java.lang.Object, java.lang.Object, java.lang.Object, java.lang.Object)'> (0x00000000d56bf748) 
thrown [s\src\hotspot\share\interpreter\linkResolver.cpp, line 773]

ZGC Phase Switch (0 events):
No events

VM Operations (20 events):
Event: 10105.831 Executing VM operation: HandshakeAllThreads (HandshakeForDeflation)
Event: 10105.831 Executing VM operation: HandshakeAllThreads (HandshakeForDeflation) done
Event: 10105.831 Executing VM operation: RendezvousGCThreads
Event: 10105.831 Executing VM operation: RendezvousGCThreads done
Event: 10166.003 Executing VM operation: HandshakeAllThreads (HandshakeForDeflation)
Event: 10166.003 Executing VM operation: HandshakeAllThreads (HandshakeForDeflation) done
Event: 10166.003 Executing VM operation: RendezvousGCThreads
Event: 10166.003 Executing VM operation: RendezvousGCThreads done
Event: 10226.068 Executing VM operation: HandshakeAllThreads (HandshakeForDeflation)
Event: 10226.068 Executing VM operation: HandshakeAllThreads (HandshakeForDeflation) done
Event: 10226.068 Executing VM operation: RendezvousGCThreads
Event: 10226.068 Executing VM operation: RendezvousGCThreads done
Event: 10286.131 Executing VM operation: HandshakeAllThreads (HandshakeForDeflation)
Event: 10286.131 Executing VM operation: HandshakeAllThreads (HandshakeForDeflation) done
Event: 10286.131 Executing VM operation: RendezvousGCThreads
Event: 10286.131 Executing VM operation: RendezvousGCThreads done
Event: 10346.322 Executing VM operation: HandshakeAllThreads (HandshakeForDeflation)
Event: 10346.322 Executing VM operation: HandshakeAllThreads (HandshakeForDeflation) done
Event: 10346.322 Executing VM operation: RendezvousGCThreads
Event: 10346.322 Executing VM operation: RendezvousGCThreads done

Memory protections (0 events):
No events

Nmethod flushes (20 events):
Event: 4178.252 Thread 0x0000020efefa7be0 flushing  nmethod 0x0000020eec3fe710
Event: 4178.252 Thread 0x0000020efefa7be0 flushing  nmethod 0x0000020eec400210
Event: 4178.252 Thread 0x0000020efefa7be0 flushing  nmethod 0x0000020eec402710
Event: 4178.252 Thread 0x0000020efefa7be0 flushing  nmethod 0x0000020eec412290
Event: 4178.252 Thread 0x0000020efefa7be0 flushing  nmethod 0x0000020eec412990
Event: 4178.252 Thread 0x0000020efefa7be0 flushing  nmethod 0x0000020eec413210
Event: 4178.252 Thread 0x0000020efefa7be0 flushing  nmethod 0x0000020eec415410
Event: 4178.252 Thread 0x0000020efefa7be0 flushing  nmethod 0x0000020eec415e90
Event: 4178.252 Thread 0x0000020efefa7be0 flushing  nmethod 0x0000020eec418290
Event: 4178.252 Thread 0x0000020efefa7be0 flushing  nmethod 0x0000020eec41d910
Event: 4178.252 Thread 0x0000020efefa7be0 flushing  nmethod 0x0000020eec41eb90
Event: 4178.252 Thread 0x0000020efefa7be0 flushing  nmethod 0x0000020eec41f590
Event: 4178.252 Thread 0x0000020efefa7be0 flushing  nmethod 0x0000020eec427190
Event: 4178.252 Thread 0x0000020efefa7be0 flushing  nmethod 0x0000020eec427610
Event: 4178.252 Thread 0x0000020efefa7be0 flushing  nmethod 0x0000020eec42c810
Event: 4178.252 Thread 0x0000020efefa7be0 flushing  nmethod 0x0000020eec431a10
Event: 4178.252 Thread 0x0000020efefa7be0 flushing  nmethod 0x0000020eec445510
Event: 4178.252 Thread 0x0000020efefa7be0 flushing  nmethod 0x0000020eec446890
Event: 4178.252 Thread 0x0000020efefa7be0 flushing  nmethod 0x0000020eec452a10
Event: 4178.252 Thread 0x0000020efefa7be0 flushing osr nmethod 0x0000020eec458790

Events (20 events):
Event: 4380.858 Thread 0x0000020ecb311ba0 Thread exited: 0x0000020ecb311ba0
Event: 4440.866 Thread 0x0000020ecb311510 Thread exited: 0x0000020ecb311510
Event: 4491.445 Thread 0x0000020ecb30fad0 Thread added: 0x0000020ec776b1a0
Event: 4491.446 Thread 0x0000020ec776b1a0 Thread exited: 0x0000020ec776b1a0
Event: 4491.449 Thread 0x0000020ecb30fad0 Thread added: 0x0000020ec776b1a0
Event: 4491.450 Thread 0x0000020ec776b1a0 Thread added: 0x0000020ec776d270
Event: 4491.450 Thread 0x0000020ec776b1a0 Thread added: 0x0000020ec776b830
Event: 4491.451 Thread 0x0000020ec776b830 Thread exited: 0x0000020ec776b830
Event: 4491.451 Thread 0x0000020ec776b1a0 Thread exited: 0x0000020ec776b1a0
Event: 4491.451 Thread 0x0000020ec776d270 Thread exited: 0x0000020ec776d270
Event: 4491.542 Thread 0x0000020ecb314300 Thread exited: 0x0000020ecb314300
Event: 4500.876 Thread 0x0000020ecb315020 Thread exited: 0x0000020ecb315020
Event: 8611.057 Thread 0x0000020ec7de1e00 Thread added: 0x0000020ec776b1a0
Event: 8671.145 Thread 0x0000020ec7de1e00 Thread added: 0x0000020ec776d270
Event: 8673.140 Thread 0x0000020ec189ab50 Thread added: 0x0000020ec962dd90
Event: 8673.496 Thread 0x0000020ec962dd90 Thread exited: 0x0000020ec962dd90
Event: 8684.317 Thread 0x0000020ec776d270 Thread added: 0x0000020ec776bec0
Event: 8778.403 Thread 0x0000020ec776d270 Thread exited: 0x0000020ec776d270
Event: 8838.414 Thread 0x0000020ec776b1a0 Thread exited: 0x0000020ec776b1a0
Event: 8898.418 Thread 0x0000020ec776bec0 Thread exited: 0x0000020ec776bec0


Dynamic libraries:
0x00007ff7070e0000 - 0x00007ff7070ee000 	c:\Users\anu\.vscode\extensions\redhat.java-1.47.2025102508-win32-x64\jre\21.0.8-win32-x86_64\bin\java.exe
0x00007ff8faa80000 - 0x00007ff8face7000 	C:\WINDOWS\SYSTEM32\ntdll.dll
0x00007ff8f9fe0000 - 0x00007ff8fa0a9000 	C:\WINDOWS\System32\KERNEL32.DLL
0x00007ff8f7bb0000 - 0x00007ff8f7fa0000 	C:\WINDOWS\System32\KERNELBASE.dll
0x00007ff8f4700000 - 0x00007ff8f479e000 	C:\WINDOWS\SYSTEM32\apphelp.dll
0x00007ff8f8600000 - 0x00007ff8f874b000 	C:\WINDOWS\System32\ucrtbase.dll
0x00007ff8dc4a0000 - 0x00007ff8dc4b8000 	c:\Users\anu\.vscode\extensions\redhat.java-1.47.2025102508-win32-x64\jre\21.0.8-win32-x86_64\bin\jli.dll
0x00007ff8f9d00000 - 0x00007ff8f9ec5000 	C:\WINDOWS\System32\USER32.dll
0x00007ff8da810000 - 0x00007ff8da82e000 	c:\Users\anu\.vscode\extensions\redhat.java-1.47.2025102508-win32-x64\jre\21.0.8-win32-x86_64\bin\VCRUNTIME140.dll
0x00007ff8f8750000 - 0x00007ff8f8777000 	C:\WINDOWS\System32\win32u.dll
0x00007ff8f99b0000 - 0x00007ff8f99db000 	C:\WINDOWS\System32\GDI32.dll
0x00007ff8f8130000 - 0x00007ff8f8268000 	C:\WINDOWS\System32\gdi32full.dll
0x00007ff8f8550000 - 0x00007ff8f85f3000 	C:\WINDOWS\System32\msvcp_win.dll
0x00007ff8db5e0000 - 0x00007ff8db87a000 	C:\WINDOWS\WinSxS\amd64_microsoft.windows.common-controls_6595b64144ccf1df_6.0.26100.4768_none_3e0c112ce331287c\COMCTL32.dll
0x00007ff8f9530000 - 0x00007ff8f95d9000 	C:\WINDOWS\System32\msvcrt.dll
0x00007ff8f8910000 - 0x00007ff8f893f000 	C:\WINDOWS\System32\IMM32.DLL
0x00007ff8df0b0000 - 0x00007ff8df0bc000 	c:\Users\anu\.vscode\extensions\redhat.java-1.47.2025102508-win32-x64\jre\21.0.8-win32-x86_64\bin\vcruntime140_1.dll
0x00007ff897230000 - 0x00007ff8972bd000 	c:\Users\anu\.vscode\extensions\redhat.java-1.47.2025102508-win32-x64\jre\21.0.8-win32-x86_64\bin\msvcp140.dll
0x00007fffeaf30000 - 0x00007fffebcc7000 	c:\Users\anu\.vscode\extensions\redhat.java-1.47.2025102508-win32-x64\jre\21.0.8-win32-x86_64\bin\server\jvm.dll
0x00007ff8fa1f0000 - 0x00007ff8fa2a4000 	C:\WINDOWS\System32\ADVAPI32.dll
0x00007ff8f97d0000 - 0x00007ff8f9876000 	C:\WINDOWS\System32\sechost.dll
0x00007ff8f9890000 - 0x00007ff8f99a8000 	C:\WINDOWS\System32\RPCRT4.dll
0x00007ff8fa8b0000 - 0x00007ff8fa924000 	C:\WINDOWS\System32\WS2_32.dll
0x00007ff8f7a30000 - 0x00007ff8f7a8e000 	C:\WINDOWS\SYSTEM32\POWRPROF.dll
0x00007ff8efe30000 - 0x00007ff8efe3b000 	C:\WINDOWS\SYSTEM32\VERSION.dll
0x00007ff8efe40000 - 0x00007ff8efe75000 	C:\WINDOWS\SYSTEM32\WINMM.dll
0x00007ff8f7a10000 - 0x00007ff8f7a24000 	C:\WINDOWS\SYSTEM32\UMPDC.dll
0x00007ff8f6930000 - 0x00007ff8f694b000 	C:\WINDOWS\SYSTEM32\kernel.appcore.dll
0x00007ff8dbe00000 - 0x00007ff8dbe0a000 	c:\Users\anu\.vscode\extensions\redhat.java-1.47.2025102508-win32-x64\jre\21.0.8-win32-x86_64\bin\jimage.dll
0x00007ff8f51b0000 - 0x00007ff8f53f1000 	C:\WINDOWS\SYSTEM32\DBGHELP.DLL
0x00007ff8f90a0000 - 0x00007ff8f9425000 	C:\WINDOWS\System32\combase.dll
0x00007ff8f9440000 - 0x00007ff8f9520000 	C:\WINDOWS\System32\OLEAUT32.dll
0x00007ff8d7cd0000 - 0x00007ff8d7d13000 	C:\WINDOWS\SYSTEM32\dbgcore.DLL
0x00007ff8f84b0000 - 0x00007ff8f8549000 	C:\WINDOWS\System32\bcryptPrimitives.dll
0x00007ff8da1f0000 - 0x00007ff8da1ff000 	c:\Users\anu\.vscode\extensions\redhat.java-1.47.2025102508-win32-x64\jre\21.0.8-win32-x86_64\bin\instrument.dll
0x00007ff8c0fa0000 - 0x00007ff8c0fbf000 	c:\Users\anu\.vscode\extensions\redhat.java-1.47.2025102508-win32-x64\jre\21.0.8-win32-x86_64\bin\java.dll
0x00007ff8b6590000 - 0x00007ff8b65a8000 	c:\Users\anu\.vscode\extensions\redhat.java-1.47.2025102508-win32-x64\jre\21.0.8-win32-x86_64\bin\zip.dll
0x00007ff8f8950000 - 0x00007ff8f909d000 	C:\WINDOWS\System32\SHELL32.dll
0x00007ff8f7fb0000 - 0x00007ff8f8123000 	C:\WINDOWS\System32\wintypes.dll
0x00007ff8f5760000 - 0x00007ff8f5fc0000 	C:\WINDOWS\SYSTEM32\windows.storage.dll
0x00007ff8fa740000 - 0x00007ff8fa835000 	C:\WINDOWS\System32\SHCORE.dll
0x00007ff8fa940000 - 0x00007ff8fa9aa000 	C:\WINDOWS\System32\shlwapi.dll
0x00007ff8f7ad0000 - 0x00007ff8f7af9000 	C:\WINDOWS\SYSTEM32\profapi.dll
0x00007ff8bc810000 - 0x00007ff8bc820000 	C:\Users\anu\.vscode\extensions\redhat.java-1.47.2025102508-win32-x64\jre\21.0.8-win32-x86_64\bin\net.dll
0x00007ff8f0d10000 - 0x00007ff8f0e2e000 	C:\WINDOWS\SYSTEM32\WINHTTP.dll
0x00007ff8f6ec0000 - 0x00007ff8f6f2b000 	C:\WINDOWS\system32\mswsock.dll
0x00007ff8a5120000 - 0x00007ff8a5136000 	C:\Users\anu\.vscode\extensions\redhat.java-1.47.2025102508-win32-x64\jre\21.0.8-win32-x86_64\bin\nio.dll
0x00007ff8bc040000 - 0x00007ff8bc050000 	c:\Users\anu\.vscode\extensions\redhat.java-1.47.2025102508-win32-x64\jre\21.0.8-win32-x86_64\bin\verify.dll
0x00007ff898510000 - 0x00007ff898554000 	C:\Users\anu\AppData\Roaming\Code\User\globalStorage\redhat.java\1.47.2025102508\config_win\org.eclipse.equinox.launcher\org.eclipse.equinox.launcher.win32.win32.x86_64_1.2.1400.v20250801-0854\eclipse_11916.dll
0x00007ff8f9b50000 - 0x00007ff8f9cf0000 	C:\WINDOWS\System32\ole32.dll
0x00007ff898500000 - 0x00007ff89850a000 	C:\Users\anu\.vscode\extensions\redhat.java-1.47.2025102508-win32-x64\jre\21.0.8-win32-x86_64\bin\management.dll
0x00007ff8984f0000 - 0x00007ff8984fb000 	C:\Users\anu\.vscode\extensions\redhat.java-1.47.2025102508-win32-x64\jre\21.0.8-win32-x86_64\bin\management_ext.dll
0x00007ff8f9880000 - 0x00007ff8f9888000 	C:\WINDOWS\System32\PSAPI.DLL
0x00007ff8f7180000 - 0x00007ff8f719b000 	C:\WINDOWS\SYSTEM32\CRYPTSP.dll
0x00007ff8f6890000 - 0x00007ff8f68cb000 	C:\WINDOWS\system32\rsaenh.dll
0x00007ff8f6f60000 - 0x00007ff8f6f8b000 	C:\WINDOWS\SYSTEM32\USERENV.dll
0x00007ff8f7aa0000 - 0x00007ff8f7ac6000 	C:\WINDOWS\SYSTEM32\bcrypt.dll
0x00007ff8f71a0000 - 0x00007ff8f71ac000 	C:\WINDOWS\SYSTEM32\CRYPTBASE.dll
0x00007ff8f6300000 - 0x00007ff8f6333000 	C:\WINDOWS\SYSTEM32\IPHLPAPI.DLL
0x00007ff8fa930000 - 0x00007ff8fa93a000 	C:\WINDOWS\System32\NSI.dll
0x00007ff8ac920000 - 0x00007ff8ac969000 	C:\Users\anu\AppData\Local\Temp\jna-96744\jna7224873263171384058.dll
0x00007ff8f1a30000 - 0x00007ff8f1a4f000 	C:\WINDOWS\SYSTEM32\dhcpcsvc6.DLL
0x00007ff8f1990000 - 0x00007ff8f19b5000 	C:\WINDOWS\SYSTEM32\dhcpcsvc.DLL
0x00007ff898490000 - 0x00007ff89849e000 	C:\Users\anu\.vscode\extensions\redhat.java-1.47.2025102508-win32-x64\jre\21.0.8-win32-x86_64\bin\sunmscapi.dll
0x00007ff8f8270000 - 0x00007ff8f83e7000 	C:\WINDOWS\System32\CRYPT32.dll
0x00007ff8f73a0000 - 0x00007ff8f73d0000 	C:\WINDOWS\SYSTEM32\ncrypt.dll
0x00007ff8f7350000 - 0x00007ff8f738f000 	C:\WINDOWS\SYSTEM32\NTASN1.dll
0x00007ff8f6390000 - 0x00007ff8f64b6000 	C:\WINDOWS\SYSTEM32\DNSAPI.dll
0x00007ff8efe20000 - 0x00007ff8efe2b000 	C:\Windows\System32\rasadhlp.dll
0x00007ff8f1c80000 - 0x00007ff8f1d06000 	C:\WINDOWS\System32\fwpuclnt.dll
0x00007ff898480000 - 0x00007ff898489000 	C:\Users\anu\.vscode\extensions\redhat.java-1.47.2025102508-win32-x64\jre\21.0.8-win32-x86_64\bin\extnet.dll

JVMTI agents:
c:\Users\anu\.vscode\extensions\redhat.java-1.47.2025102508-win32-x64\lombok\lombok-1.18.39-4050.jar path:c:\Users\anu\.vscode\extensions\redhat.java-1.47.2025102508-win32-x64\jre\21.0.8-win32-x86_64\bin\instrument.dll, loaded, initialized, instrumentlib options:none

dbghelp: loaded successfully - version: 4.0.5 - missing functions: none
symbol engine: initialized successfully - sym options: 0x614 - pdb path: .;c:\Users\anu\.vscode\extensions\redhat.java-1.47.2025102508-win32-x64\jre\21.0.8-win32-x86_64\bin;C:\WINDOWS\SYSTEM32;C:\WINDOWS\WinSxS\amd64_microsoft.windows.common-controls_6595b64144ccf1df_6.0.26100.4768_none_3e0c112ce331287c;c:\Users\anu\.vscode\extensions\redhat.java-1.47.2025102508-win32-x64\jre\21.0.8-win32-x86_64\bin\server;C:\Users\anu\AppData\Roaming\Code\User\globalStorage\redhat.java\1.47.2025102508\config_win\org.eclipse.equinox.launcher\org.eclipse.equinox.launcher.win32.win32.x86_64_1.2.1400.v20250801-0854;C:\Users\anu\AppData\Local\Temp\jna-96744

VM Arguments:
jvm_args: --add-modules=ALL-SYSTEM --add-opens=java.base/java.util=ALL-UNNAMED --add-opens=java.base/java.lang=ALL-UNNAMED --add-opens=java.base/sun.nio.fs=ALL-UNNAMED -Declipse.application=org.eclipse.jdt.ls.core.id1 -Dosgi.bundles.defaultStartLevel=4 -Declipse.product=org.eclipse.jdt.ls.core.product -Djava.import.generatesMetadataFilesAtProjectRoot=false -DDetectVMInstallationsJob.disabled=true -Dfile.encoding=utf8 -XX:+UseParallelGC -XX:GCTimeRatio=4 -XX:AdaptiveSizePolicyWeight=90 -Dsun.zip.disableMemoryMapping=true -Xmx2G -Xms100m -Xlog:disable -javaagent:c:\Users\anu\.vscode\extensions\redhat.java-1.47.2025102508-win32-x64\lombok\lombok-1.18.39-4050.jar -XX:+HeapDumpOnOutOfMemoryError -XX:HeapDumpPath=c:\Users\anu\AppData\Roaming\Code\User\workspaceStorage\5421c5e08f516b181be86b9d0eb1f847\redhat.java -Daether.dependencyCollector.impl=bf -XX:+UnlockDiagnosticVMOptions -XX:+AllowArchivingWithJavaAgent -XX:+AutoCreateSharedArchive -XX:SharedArchiveFile=c:\Users\anu\AppData\Roaming\Code\User\globalStorage\redhat.java\1.47.2025102508\jdtls.jsa 
java_command: c:\Users\anu\.vscode\extensions\redhat.java-1.47.2025102508-win32-x64\server\plugins\org.eclipse.equinox.launcher_1.7.100.v20251014-1222.jar -configuration c:\Users\anu\AppData\Roaming\Code\User\globalStorage\redhat.java\1.47.2025102508\config_win -data c:\Users\anu\AppData\Roaming\Code\User\workspaceStorage\5421c5e08f516b181be86b9d0eb1f847\redhat.java\jdt_ws --pipe=\\.\pipe\lsp-af2d300f2c1d152020020825ba6641de-sock
java_class_path (initial): c:\Users\anu\.vscode\extensions\redhat.java-1.47.2025102508-win32-x64\server\plugins\org.eclipse.equinox.launcher_1.7.100.v20251014-1222.jar
Launcher Type: SUN_STANDARD

[Global flags]
    uintx AdaptiveSizePolicyWeight                 = 90                                        {product} {command line}
     bool AllowArchivingWithJavaAgent              = true                             {JVMCI diagnostic} {command line}
     bool AutoCreateSharedArchive                  = true                                {JVMCI product} {command line}
     intx CICompilerCount                          = 4                                         {product} {ergonomic}
    uintx GCTimeRatio                              = 4                                         {product} {command line}
     bool HeapDumpOnOutOfMemoryError               = true                                   {manageable} {command line}
    ccstr HeapDumpPath                             = c:\Users\anu\AppData\Roaming\Code\User\workspaceStorage\5421c5e08f516b181be86b9d0eb1f847\redhat.java         {manageable} {command line}
   size_t InitialHeapSize                          = 104857600                                 {product} {command line}
   size_t MaxHeapSize                              = 2147483648                                {product} {command line}
   size_t MaxNewSize                               = 715653120                                 {product} {ergonomic}
   size_t MinHeapDeltaBytes                        = 524288                                    {product} {ergonomic}
   size_t MinHeapSize                              = 104857600                                 {product} {command line}
   size_t NewSize                                  = 34603008                                  {product} {ergonomic}
    uintx NonNMethodCodeHeapSize                   = 5839372                                {pd product} {ergonomic}
    uintx NonProfiledCodeHeapSize                  = 122909434                              {pd product} {ergonomic}
   size_t OldSize                                  = 70254592                                  {product} {ergonomic}
    uintx ProfiledCodeHeapSize                     = 122909434                              {pd product} {ergonomic}
    uintx ReservedCodeCacheSize                    = 251658240                              {pd product} {ergonomic}
     bool SegmentedCodeCache                       = true                                      {product} {ergonomic}
    ccstr SharedArchiveFile                        =                                     {JVMCI product} {command line}
   size_t SoftMaxHeapSize                          = 2147483648                             {manageable} {ergonomic}
     bool UnlockDiagnosticVMOptions                = true                                   {diagnostic} {command line}
     bool UseCompressedOops                        = true                           {product lp64_product} {ergonomic}
     bool UseLargePagesIndividualAllocation        = false                                  {pd product} {ergonomic}
     bool UseParallelGC                            = true                                      {product} {command line}

Logging:
Log output configuration:
 #0: stdout all=off uptime,level,tags foldmultilines=false
 #1: stderr all=off uptime,level,tags foldmultilines=false

Environment Variables:
JAVA_HOME=C:\Program Files\Java\jdk-22
PATH=C:\Program Files\Common Files\Oracle\Java\javapath;C:\Oracle21C\bin;C:\Python312\Scripts\;C:\Python312\;C:\oracle\db_home\bin;C:\WINDOWS\system32;C:\WINDOWS;C:\WINDOWS\System32\Wbem;C:\WINDOWS\System32\WindowsPowerShell\v1.0\;C:\WINDOWS\System32\OpenSSH\;C:\Program Files\Microsoft SQL Server\Client SDK\ODBC\170\Tools\Binn\;C:\Program Files (x86)\Microsoft SQL Server\150\Tools\Binn\;C:\Program Files\Microsoft SQL Server\150\Tools\Binn\;C:\Program Files\Microsoft SQL Server\150\DTS\Binn\;C:\ProgramData\chocolatey\bin;C:\Program Files\dotnet\;C:\Program Files\nodejs\;C:\Program Files\MySQL\MySQL Server 8.0\bin;C:\Program Files\Java\jdk-22\bin;C:\Program Files\Git\cmd;C:\Program Files\Java\jdk-22\bin;C:\Program Files\Java\jdk-23\bin;C:\Program Files\MongoDB\Server\8.0\bin;C:\Program Files (x86)\Microsoft SQL Server\160\Tools\Binn\;C:\Program Files\Microsoft SQL Server\160\Tools\Binn\;C:\Program Files\Microsoft SQL Server\160\DTS\Binn\;C:\Windows\System32;C:\Windows\System32\wbem;C:\Program Files\MySQL\MySQL Shell 8.0\bin\;C:\Users\anu\AppData\Local\Microsoft\WindowsApps;C:\Program Files\Azure Data Studio\bin;C:\Users\anu\AppData\Local\Programs\Microsoft VS Code\bin;C:\Users\anu\AppData\Roaming\npm;C:\Users\anu\.dotnet\tools
USERNAME=anu
OS=Windows_NT
PROCESSOR_IDENTIFIER=Intel64 Family 6 Model 140 Stepping 2, GenuineIntel
TMP=C:\Users\anu\AppData\Local\Temp
TEMP=C:\Users\anu\AppData\Local\Temp




Periodic native trim disabled

---------------  S Y S T E M  ---------------

OS:
 Windows 11 , 64 bit Build 26100 (10.0.26100.4768)
OS uptime: 7 days 16:35 hours
Hyper-V role detected

CPU: total 8 (initial active 8) (4 cores per cpu, 2 threads per core) family 6 model 140 stepping 2 microcode 0x34, cx8, cmov, fxsr, ht, mmx, 3dnowpref, sse, sse2, sse3, ssse3, sse4.1, sse4.2, popcnt, lzcnt, tsc, tscinvbit, avx, avx2, aes, erms, clmul, bmi1, bmi2, adx, avx512f, avx512dq, avx512cd, avx512bw, avx512vl, sha, fma, vzeroupper, avx512_vpopcntdq, avx512_vpclmulqdq, avx512_vaes, avx512_vnni, clflush, clflushopt, clwb, avx512_vbmi2, avx512_vbmi, hv, rdtscp, rdpid, fsrm, gfni, avx512_bitalg, f16c, cet_ibt, cet_ss, avx512_ifma
Processor Information for the first 8 processors :
  Max Mhz: 2496, Current Mhz: 2496, Mhz Limit: 2496

Memory: 4k page, system-wide physical 20122M (555M free)
TotalPageFile size 32410M (AvailPageFile size 2M)
current process WorkingSet (physical memory assigned to process): 1076M, peak: 1206M
current process commit charge ("private bytes"): 1123M, peak: 1126M

vm_info: OpenJDK 64-Bit Server VM (21.0.8+9-LTS) for windows-amd64 JRE (21.0.8+9-LTS), built on 2025-07-15T00:00:00Z by "admin" with MS VC++ 17.7 (VS2022)

END.
